<?xml version="1.0" encoding="UTF-8" ?>
<testsuites name="vitest tests" tests="1" failures="0" errors="0" time="0.002517424">
    <testsuite name="src/__tests__/placeholder.test.jsx" timestamp="2026-05-17T13:07:22.843Z" hostname="DESKTOP-46T5G0R" tests="1" failures="0" errors="0" skipped="0" time="0.002517424">
        <testcase classname="src/__tests__/placeholder.test.jsx" name="placeholder test" time="0.00139051">
        </testcase>
    </testsuite>
</testsuites>
